2026-05-23T14:02:06+0300 INFO: Запуск процесса из студии разработки. C:\Users\NKTKLN\Desktop\puzzle-rpa-hack\src\hack_team_1\process\main.json
2026-05-23T14:02:30+0300 INFO: Старт робота: C:\Users\NKTKLN\Desktop\puzzle-rpa-hack\src\hack_team_1\resource\db1d890f-32bc-4b26-9246-8db7c80c119e\main.py
2026-05-23T14:02:38+0300 INFO: Завершение работы робота
2026-05-23T14:02:38+0300 INFO: Завершение выполнения процесса. C:\Users\NKTKLN\Desktop\puzzle-rpa-hack\src\hack_team_1\process\main.json
2026-05-23T14:03:49+0300 INFO: Запуск процесса из студии разработки. C:\Users\NKTKLN\Desktop\puzzle-rpa-hack\src\hack_team_1\process\main.json
2026-05-23T14:03:53+0300 INFO: Старт робота: C:\Users\NKTKLN\Desktop\puzzle-rpa-hack\src\hack_team_1\resource\fe18154e-8040-4e8c-8efa-5d83a63bc219\main.py
2026-05-23T14:04:01+0300 INFO: Завершение работы робота
2026-05-23T14:04:02+0300 INFO: Завершение выполнения процесса. C:\Users\NKTKLN\Desktop\puzzle-rpa-hack\src\hack_team_1\process\main.json
2026-05-23T14:05:19+0300 INFO: Запуск процесса из студии разработки. C:\Users\NKTKLN\Desktop\puzzle-rpa-hack\src\hack_team_1\process\main.json
2026-05-23T14:05:23+0300 INFO: Старт робота: C:\Users\NKTKLN\Desktop\puzzle-rpa-hack\src\hack_team_1\resource\f687442d-5174-4e3d-a522-438bae76d5bb\main.py
2026-05-23T14:05:44+0300 INFO: Завершение работы робота: C:\Users\NKTKLN\Desktop\puzzle-rpa-hack\src\hack_team_1\resource\f687442d-5174-4e3d-a522-438bae76d5bb\main.py
2026-05-23T14:05:44+0300 INFO: Завершение выполнения процесса. C:\Users\NKTKLN\Desktop\puzzle-rpa-hack\src\hack_team_1\process\main.json
2026-05-23T14:06:28+0300 INFO: Запуск процесса из студии разработки. C:\Users\NKTKLN\Desktop\puzzle-rpa-hack\src\hack_team_1\process\main.json
2026-05-23T14:06:50+0300 INFO: Старт робота: C:\Users\NKTKLN\Desktop\puzzle-rpa-hack\src\hack_team_1\resource\e1ee4338-7a0e-48c9-ad25-91d29b26a92b\main.py
2026-05-23T14:07:10+0300 INFO: Завершение работы робота: C:\Users\NKTKLN\Desktop\puzzle-rpa-hack\src\hack_team_1\resource\e1ee4338-7a0e-48c9-ad25-91d29b26a92b\main.py
2026-05-23T14:07:10+0300 INFO: Завершение выполнения процесса. C:\Users\NKTKLN\Desktop\puzzle-rpa-hack\src\hack_team_1\process\main.json
2026-05-23T14:21:20+0300 INFO: Запуск процесса из студии разработки. C:\Users\NKTKLN\Desktop\puzzle-rpa-hack\src\hack_team_1\process\main.json
2026-05-23T14:21:25+0300 INFO: Старт робота: C:\Users\NKTKLN\Desktop\puzzle-rpa-hack\src\hack_team_1\resource\51a4bc6c-2443-44f8-bbe6-b45e5ccd87eb\main.py
2026-05-23T14:22:15+0300 INFO: Завершение работы робота: C:\Users\NKTKLN\Desktop\puzzle-rpa-hack\src\hack_team_1\resource\51a4bc6c-2443-44f8-bbe6-b45e5ccd87eb\main.py
2026-05-23T14:22:15+0300 INFO: Завершение выполнения процесса. C:\Users\NKTKLN\Desktop\puzzle-rpa-hack\src\hack_team_1\process\main.json
